###############################################################################
#
# IAR ELF Linker V7.50.3.10732/W32 for ARM                14/Apr/2016  18:17:07
# Copyright 2007-2016 IAR Systems AB.
#
#    Output file  =  
#        C:\Users\mehta\Desktop\STM32F401\E110\Assignment_1\uDebugger_vimalm\Debug\Exe\c.out
#    Map file     =  
#        C:\Users\mehta\Desktop\STM32F401\E110\Assignment_1\uDebugger_vimalm\Debug\List\c.map
#    Command line =  
#        C:\Users\mehta\Desktop\STM32F401\E110\Assignment_1\uDebugger_vimalm\Debug\Obj\datainit.o
#        C:\Users\mehta\Desktop\STM32F401\E110\Assignment_1\uDebugger_vimalm\Debug\Obj\debugger.o
#        C:\Users\mehta\Desktop\STM32F401\E110\Assignment_1\uDebugger_vimalm\Debug\Obj\hw_init.o
#        C:\Users\mehta\Desktop\STM32F401\E110\Assignment_1\uDebugger_vimalm\Debug\Obj\interrupt.o
#        C:\Users\mehta\Desktop\STM32F401\E110\Assignment_1\uDebugger_vimalm\Debug\Obj\main.o
#        C:\Users\mehta\Desktop\STM32F401\E110\Assignment_1\uDebugger_vimalm\Debug\Obj\misc.o
#        C:\Users\mehta\Desktop\STM32F401\E110\Assignment_1\uDebugger_vimalm\Debug\Obj\print.o
#        C:\Users\mehta\Desktop\STM32F401\E110\Assignment_1\uDebugger_vimalm\Debug\Obj\startup.o
#        C:\Users\mehta\Desktop\STM32F401\E110\Assignment_1\uDebugger_vimalm\Debug\Obj\stm32f4xx_gpio.o
#        C:\Users\mehta\Desktop\STM32F401\E110\Assignment_1\uDebugger_vimalm\Debug\Obj\stm32f4xx_rcc.o
#        C:\Users\mehta\Desktop\STM32F401\E110\Assignment_1\uDebugger_vimalm\Debug\Obj\stm32f4xx_usart.o
#        C:\Users\mehta\Desktop\STM32F401\E110\Assignment_1\uDebugger_vimalm\Debug\Obj\task_cs.o
#        C:\Users\mehta\Desktop\STM32F401\E110\Assignment_1\uDebugger_vimalm\Debug\Obj\uart.o
#        -o
#        C:\Users\mehta\Desktop\STM32F401\E110\Assignment_1\uDebugger_vimalm\Debug\Exe\c.out
#        --map
#        C:\Users\mehta\Desktop\STM32F401\E110\Assignment_1\uDebugger_vimalm\Debug\List\c.map
#        --config
#        C:\Users\mehta\Desktop\STM32F401\E110\Assignment_1\uDebugger_vimalm\BSP\layout.icf
#        --semihosting --entry __iar_program_start --vfe
#
###############################################################################

*******************************************************************************
*** RUNTIME MODEL ATTRIBUTES
***

CppFlavor       = *
__SystemLibrary = DLib


*******************************************************************************
*** PLACEMENT SUMMARY
***

"A1":  place at 0x08000000 { ro section .intvec };
"P1":  place in [from 0x08000000 to 0x0807ffff] { ro };
"P2":  place in [from 0x20000000 to 0x2001ffff] { rw, block CSTACK, block HEAP };

  Section              Kind        Address   Size  Object
  -------              ----        -------   ----  ------
"A1":                                        0xe4
  .intvec              ro code  0x08000000   0xe4  startup.o [1]
                              - 0x080000e4   0xe4

"P1":                                       0x7d8
  .text                ro code  0x080000e4  0x17c  hw_init.o [1]
  .text                ro code  0x08000260  0x158  stm32f4xx_rcc.o [1]
  .text                ro code  0x080003b8  0x104  stm32f4xx_gpio.o [1]
  .text                ro code  0x080004bc  0x13e  stm32f4xx_usart.o [1]
  .text                ro code  0x080005fa    0x2  interrupt.o [1]
  .text                ro code  0x080005fc   0x6e  print.o [1]
  .text                ro code  0x0800066c   0x24  uart.o [1]
  .text                ro code  0x08000690   0x4c  datainit.o [1]
  .text                ro code  0x080006dc   0x44  debugger.o [1]
  .rodata              const    0x08000720   0x38  main.o [1]
  .text                ro code  0x08000758   0x30  startup.o [1]
  .text                ro code  0x08000788   0x2c  copy_init3.o [4]
  .text                ro code  0x080007b4   0x28  main.o [1]
  .text                ro code  0x080007dc   0x28  data_init.o [4]
  .iar.init_table      const    0x08000804   0x14  - Linker created -
  .rodata              const    0x08000818   0x20  main.o [1]
  .text                ro code  0x08000838   0x1a  cmain.o [4]
  .text                ro code  0x08000852    0x4  low_level_init.o [3]
  .text                ro code  0x08000856    0x4  exit.o [3]
  .text                ro code  0x0800085c    0xa  cexit.o [4]
  .text                ro code  0x08000868   0x14  exit.o [5]
  .data_init                    0x0800087c   0x18  <Block>
    Initializer bytes  const    0x0800087c   0x18  <for .data-1>
  .rodata              const    0x08000894    0xc  debugger.o [1]
  .text                ro code  0x080008a0    0xc  cstartup_M.o [4]
  .rodata              const    0x080008ac    0x8  debugger.o [1]
  .rodata              const    0x080008b4    0x8  debugger.o [1]
  .rodata              const    0x080008bc    0x0  copy_init3.o [4]
                              - 0x080008bc  0x7d8

"P2", part 1 of 2:                           0x18
  .data                         0x20000000   0x18  <Block>
    .data-1                     0x20000000   0x18  <Init block>
      .data            inited   0x20000000    0x8  main.o [1]
      .data            inited   0x20000008   0x10  stm32f4xx_rcc.o [1]
                              - 0x20000018   0x18

"P2", part 2 of 2:                          0x100
  CSTACK                        0x20000018  0x100  <Block>
    CSTACK             uninit   0x20000018  0x100  <Block tail>
                              - 0x20000118  0x100


*******************************************************************************
*** INIT TABLE
***

          Address     Size
          -------     ----
Copy (__iar_copy_init3)
    1 source range, total size 0x18:
          0x0800087c  0x18
    1 destination range, total size 0x18:
          0x20000000  0x18



*******************************************************************************
*** MODULE SUMMARY
***

    Module             ro code  ro data  rw data
    ------             -------  -------  -------
C:\Users\mehta\Desktop\STM32F401\E110\Assignment_1\uDebugger_vimalm\Debug\Obj: [1]
    datainit.o              76
    debugger.o              68       28
    hw_init.o              380
    interrupt.o              2
    main.o                  40       96        8
    print.o                110
    startup.o              276
    stm32f4xx_gpio.o       260
    stm32f4xx_rcc.o        344       16       16
    stm32f4xx_usart.o      318
    uart.o                  36
    --------------------------------------------
    Total:               1 910      140       24

command line: [2]
    --------------------------------------------
    Total:

dl7M_tln.a: [3]
    exit.o                   4
    low_level_init.o         4
    --------------------------------------------
    Total:                   8

rt7M_tl.a: [4]
    cexit.o                 10
    cmain.o                 26
    copy_init3.o            44
    cstartup_M.o            12
    data_init.o             40
    --------------------------------------------
    Total:                 132

shb_l.a: [5]
    exit.o                  20
    --------------------------------------------
    Total:                  20

    Gaps                     6
    Linker created                   20      256
------------------------------------------------
    Grand Total:         2 076      160      280


*******************************************************************************
*** ENTRY LIST
***

Entry                      Address   Size  Type      Object
-----                      -------   ----  ----      ------
.bss$$Base              0x00000000          --   Gb  - Linker created -
.bss$$Limit             0x00000000          --   Gb  - Linker created -
.data$$Base             0x20000000          --   Gb  - Linker created -
.data$$Limit            0x20000018          --   Gb  - Linker created -
.data_init$$Base        0x0800087c          --   Gb  - Linker created -
.data_init$$Limit       0x08000894          --   Gb  - Linker created -
.iar.init_table$$Base   0x08000804          --   Gb  - Linker created -
.iar.init_table$$Limit  0x08000818          --   Gb  - Linker created -
?main                   0x08000839         Code  Gb  cmain.o [4]
APBAHBPrescTable        0x20000008   0x10  Data  Lc  stm32f4xx_rcc.o [1]
CSTACK$$Base            0x20000018          --   Gb  - Linker created -
CSTACK$$Limit           0x20000118          --   Gb  - Linker created -
FaultPrint              0x080006dd   0x44  Code  Gb  debugger.o [1]
GPIO_Init               0x080003b9   0xaa  Code  Gb  stm32f4xx_gpio.o [1]
GPIO_PinAFConfig        0x08000463   0x5a  Code  Gb  stm32f4xx_gpio.o [1]
Hw_init                 0x0800013b   0x16  Code  Gb  hw_init.o [1]
InitializeDataSection   0x08000691   0x4c  Code  Gb  datainit.o [1]
NVIC_SetPriority        0x080000e5   0x26  Code  Lc  hw_init.o [1]
PrintByte               0x0800066d   0x24  Code  Gb  uart.o [1]
PrintHex                0x080005fd   0x38  Code  Gb  print.o [1]
PrintString             0x08000635   0x36  Code  Gb  print.o [1]
RCC_AHB1PeriphClockCmd  0x08000361   0x1e  Code  Gb  stm32f4xx_rcc.o [1]
RCC_APB1PeriphClockCmd  0x0800037f   0x1e  Code  Gb  stm32f4xx_rcc.o [1]
RCC_GetClocksFreq       0x08000261  0x100  Code  Gb  stm32f4xx_rcc.o [1]
Region$$Table$$Base     0x08000804          --   Gb  - Linker created -
Region$$Table$$Limit    0x08000818          --   Gb  - Linker created -
ResetIrqHandler         0x08000779         Code  Gb  startup.o [1]
SysTick_Config          0x0800010b   0x30  Code  Lc  hw_init.o [1]
SysTick_Handler         0x080005fb    0x2  Code  Gb  interrupt.o [1]
USART_Cmd               0x080005b9   0x1c  Code  Gb  stm32f4xx_usart.o [1]
USART_GetFlagStatus     0x080005dd   0x1e  Code  Gb  stm32f4xx_usart.o [1]
USART_Init              0x080004bd   0xee  Code  Gb  stm32f4xx_usart.o [1]
USART_SendData          0x080005d5    0x8  Code  Gb  stm32f4xx_usart.o [1]
__cmain                 0x08000839         Code  Gb  cmain.o [4]
__exit                  0x08000869   0x14  Code  Gb  exit.o [5]
__iar_copy_init3        0x08000789   0x2c  Code  Gb  copy_init3.o [4]
__iar_data_init3        0x080007dd   0x28  Code  Gb  data_init.o [4]
__iar_program_start     0x080008a1         Code  Gb  cstartup_M.o [4]
__low_level_init        0x08000853    0x4  Code  Gb  low_level_init.o [3]
__vector_table          0x08000000         Data  Gb  startup.o [1]
_call_main              0x08000845         Code  Gb  cmain.o [4]
_exit                   0x0800085d         Code  Gb  cexit.o [4]
_main                   0x0800084f         Code  Gb  cmain.o [4]
clr_scrn                0x20000000    0x8  Data  Gb  main.o [1]
exit                    0x08000857    0x4  Code  Gb  exit.o [3]
hw_gpio_init            0x0800017d   0x70  Code  Gb  hw_init.o [1]
hw_system_clock         0x08000151   0x2c  Code  Gb  hw_init.o [1]
hw_uart_init            0x080001ed   0x46  Code  Gb  hw_init.o [1]
main                    0x080007b5   0x1a  Code  Gb  main.o [1]


[1] = C:\Users\mehta\Desktop\STM32F401\E110\Assignment_1\uDebugger_vimalm\Debug\Obj
[2] = command line
[3] = dl7M_tln.a
[4] = rt7M_tl.a
[5] = shb_l.a

  2 076 bytes of readonly  code memory
    160 bytes of readonly  data memory
    280 bytes of readwrite data memory

Errors: none
Warnings: none
