###############################################################################
#
# IAR ANSI C/C++ Compiler V7.50.3.10732/W32 for ARM       14/Apr/2016  18:00:33
# Copyright 1999-2016 IAR Systems AB.
#
#    Cpu mode     =  thumb
#    Endian       =  little
#    Source file  =  
#        C:\Users\mehta\Desktop\STM32F401\E110\Assignment_1\uDebugger_vimalm\BSP\interrupt.c
#    Command line =  
#        C:\Users\mehta\Desktop\STM32F401\E110\Assignment_1\uDebugger_vimalm\BSP\interrupt.c
#        -D USE_STDPERIPH_DRIVER -D STM32F401xx -lCN
#        C:\Users\mehta\Desktop\STM32F401\E110\Assignment_1\uDebugger_vimalm\Debug\List
#        -o
#        C:\Users\mehta\Desktop\STM32F401\E110\Assignment_1\uDebugger_vimalm\Debug\Obj
#        --no_cse --no_unroll --no_inline --no_code_motion --no_tbaa
#        --no_clustering --no_scheduling --debug --endian=little
#        --cpu=Cortex-M4 -e --fpu=None --dlib_config "C:\Program Files
#        (x86)\IAR Systems\Embedded Workbench
#        7.3\arm\INC\c\DLib_Config_Normal.h" -I .\ -I
#        C:\Users\mehta\Desktop\STM32F401\E110\Assignment_1\uDebugger_vimalm\Util\
#        -I
#        C:\Users\mehta\Desktop\STM32F401\E110\Assignment_1\uDebugger_vimalm\BSP\
#        -I
#        C:\Users\mehta\Desktop\STM32F401\E110\Assignment_1\uDebugger_vimalm\BSP\CMSIS\
#        -I
#        C:\Users\mehta\Desktop\STM32F401\E110\Assignment_1\uDebugger_vimalm\BSP\ST\StdPeripheralDrivers\
#        -I
#        C:\Users\mehta\Desktop\STM32F401\E110\Assignment_1\uDebugger_vimalm\Task\
#        -I
#        C:\Users\mehta\Desktop\STM32F401\E110\Assignment_1\uDebugger_vimalm\Types\
#        -On
#    List file    =  
#        C:\Users\mehta\Desktop\STM32F401\E110\Assignment_1\uDebugger_vimalm\Debug\List\interrupt.lst
#    Object file  =  
#        C:\Users\mehta\Desktop\STM32F401\E110\Assignment_1\uDebugger_vimalm\Debug\Obj\interrupt.o
#
###############################################################################

C:\Users\mehta\Desktop\STM32F401\E110\Assignment_1\uDebugger_vimalm\BSP\interrupt.c
      1          
      2          #include "nucleoboard.h"
      3          
      4          

   \                                 In section .text, align 2, keep-with-next
      5          void SysTick_Handler(void)
      6          {
      7          }
   \                     SysTick_Handler: (+1)
   \   00000000   0x4770             BX       LR               ;; return
      8          
      9          

   Maximum stack usage in bytes:

   .cstack Function
   ------- --------
       0   SysTick_Handler


   Section sizes:

   Bytes  Function/Label
   -----  --------------
       2  SysTick_Handler

 
 2 bytes in section .text
 
 2 bytes of CODE memory

Errors: none
Warnings: none
